// Jest Snapshot v1, https://goo.gl/fbAQLP

exports[`Test the component Empty carousel 1`] = `
<div>
  <div>
    Gimme some children
  </div>
</div>
`;

exports[`Test the component With some children 1`] = `
<div>
  <div
    style="overflow-x: hidden; position: relative; width: 40px;"
  >
    <div
      style="position: absolute; z-index: 5;"
    >
      <span
        style="cursor: pointer; display: inline-block; margin-right: 5px;"
      >
        <div
          style="width: 5px; height: 5px; border-radius: 50%; background: white;"
        />
      </span>
      <span
        style="cursor: pointer; display: inline-block; margin-right: 5px;"
      >
        <div
          style="width: 5px; height: 5px; border-radius: 50%; background: gray;"
        />
      </span>
    </div>
    <div
      style="display: flex; padding: 20px 0px; height: 20px; width: 120px; transform: translateX(0px);"
    >
      <div
        style="height: 20px; width: 40px; cursor: pointer; padding: 0px 10px;"
      >
        <div
          style="width: 40px; height: 20px;"
        />
      </div>
      <div
        style="height: 20px; width: 40px; cursor: pointer; padding: 0px 10px;"
      >
        <div
          style="width: 40px; height: 20px;"
        />
      </div>
    </div>
    <button
      disabled=""
      style="height: 20px; position: absolute; margin-top: 20px; z-index: 10; content: <; width: 40px; background: black; border: black; opacity: 0.5; top: 0px;"
    />
    <button
      style="height: 20px; right: 0px; opacity: 0.5; outline: none; cursor: pointer; position: absolute; margin-top: 20px; z-index: 10; content: <; width: 40px; background: black; border: black; top: 0px;"
    />
  </div>
</div>
`;
